HotelName,AddressLocality,AddressLocality,PriceRange
Baron Palace Sahl Hasheesh,Hurghada,Hurghada,EUR 0 - EUR 0
TITANIC ROYAL RESORT,Village Road,Village Road,EUR 0 - EUR 0
ALBATROS CITADEL RESORT (EX.CITADEL AZURE),Sahl Hasheesh,Sahl Hasheesh,EUR 0 - EUR 0
Pachet 9 nopti Bali | Ubud - Nusa Dua,Bali,Bali,EUR 0 - EUR 0
TIA HEIGHTS MAKADI BAY HOTEL & RESORT,Makadi Bay,Makadi Bay,EUR 0 - EUR 0
Apsara Beachfront Resort and Villa,Khao Lak,Khao Lak,EUR 1868 - EUR 3736
Kalima Resort and Villas Khao Lak,Khao Lak,Khao Lak,EUR 1909 - EUR 3818
STELLA DI MARE GARDEN RESORT & SPA MAKADI BAY,Makadi Bay,Makadi Bay,EUR 0 - EUR 0
JAZ MAKADI STAR,Makadi Bay,Makadi Bay,EUR 0 - EUR 0
Pachet 9 nopti Bali | Ubud - Nusa Dua,Bali,Bali,EUR 2354 - EUR 4708
TITANIC BEACH RESORT & AQUAPARK,Village Road,Village Road,EUR 1101 - EUR 2202
HAWAII RIVIERA CLUB(2nd LINE),Al Ahyaa Road,Al Ahyaa Road,EUR 1643 - EUR 3286
GRANDSEAS HOSTMARK,Village Road,Village Road,EUR 0 - EUR 0
King Tut Resort,Hurghada,Hurghada,EUR 914 - EUR 1828
Dionyssos,Alonissos,Alonissos,EUR 0 - EUR 0
GRAND BLUE SAINT MARIA AQUAPARK,Village Road,Village Road,EUR 0 - EUR 0
STELLA DI MARE GARDEN RESORT & SPA MAKADI BAY,Makadi Bay,Makadi Bay,EUR 1094 - EUR 2188
ROYAL PHARAOHS MAKADI BAY (EX. HARMONY MAKADI BAY),Makadi Bay,Makadi Bay,EUR 0 - EUR 0
THE CLUB HOTEL (GOLDEN 5),Village Road,Village Road,EUR 0 - EUR 0
TITANIC PALACE RESORT& AQUAPARK,Village Road,Village Road,EUR 1164 - EUR 2328
SAND BEACH HOTEL,Al Ahyaa Road,Al Ahyaa Road,EUR 884 - EUR 1768
EMERALD RESORT (GOLDEN 5),Village Road,Village Road,EUR 0 - EUR 0
CORAL LOS ALISIOS,Los Cristianos,Los Cristianos,EUR 0 - EUR 0
Pharaoh Azur Resort,Hurghada,Hurghada,EUR 1176 - EUR 2353
Kassandra Bay,Sparta Gr,Sparta Gr,EUR 0 - EUR 0
Royal Holiday Palace,Lara,Lara,EUR 0 - EUR 0
Jungle Aqua Park,Hurghada,Hurghada,EUR 1047 - EUR 2094
Andaman Embrace Patong,Phuket,Phuket,EUR 1840 - EUR 3681
Jungle Aqua Park,Hurghada,Hurghada,EUR 1255 - EUR 2511
Cornelia Diamond Golf Resort & SPA,Belek,Belek,EUR 0 - EUR 0
SUNRISE ROMANCE HOTEL & SPA,Sahl Hasheesh,Sahl Hasheesh,EUR 0 - EUR 0
Apsara Beachfront Resort and Villa,Khao Lak,Khao Lak,EUR 1914 - EUR 3828
AMC ROYAL AQUA PARK HOTEL,Al Ahyaa Road,Al Ahyaa Road,EUR 0 - EUR 0
HURGHADA LONG BEACH RESORT (EX.HILTON LONG BEACH RESORT),Village Road,Village Road,EUR 1617 - EUR 3234
ALBATROS AQUA BLU RESORT HURGHADA (EX. SEA WORLD RESORT),Village Road,Village Road,EUR 0 - EUR 0
PANORAMA BUNGALOWS HURGHADA,Al Ahyaa Road,Al Ahyaa Road,EUR 1101 - EUR 2202
Aeolos,Alonissos,Alonissos,EUR 0 - EUR 0
SAND BEACH HOTEL,Al Ahyaa Road,Al Ahyaa Road,EUR 0 - EUR 0
THYMIS HOME,Sparta Gr,Sparta Gr,EUR 0 - EUR 0
GOLDEN BEACH EX. MOVIE GATE HURGHADA,Al Ahyaa Road,Al Ahyaa Road,EUR 0 - EUR 0
PHARAOH AZUR RESORT (EX.SONESTA PHARAOH),Village Road,Village Road,EUR 0 - EUR 0
SENTIDO MAMLOUK PALACE RESORT,Village Road,Village Road,EUR 0 - EUR 0
PARADISE HOTEL (GOLDEN 5),Village Road,Village Road,EUR 0 - EUR 0
IBEROTEL MAKADI BEACH,Makadi Bay,Makadi Bay,EUR 0 - EUR 0
Delphin Be Grand Resort,Antalya,Antalya,EUR 0 - EUR 0
Skiathos Princess,Sparta Gr,Sparta Gr,EUR 0 - EUR 0
THREE CORNERS SUNNY BEACH HURGHADA,Al Ahyaa Road,Al Ahyaa Road,EUR 1210 - EUR 2420
